                       ???????
                    ????   ????
                  ????     ????
                 ????         ?????????????
                 ?????????????          ????
            _                 ??      ?????
           (_)                  ??????????
            _    __ _   _ __   _ __
           | |  / _` | | '__| | '_ \
           | | | (_| | | |    | |_) |
           |_|  \__, | |_|    | .__/
                 __/ |        | |
                |___/         |_|

           IGRP 3.0 Server Application :: 0.0.1-alpha
           Powered by Spring Boot 3.5.3 - RH-PRO

2026-05-03T17:10:02.976-01:00  INFO 18928 --- [recursoshumanos-service] [           main] c.i.R.RecursosHumanosApplication         : Starting RecursosHumanosApplication v0.0.1-SNAPSHOT using Java 23.0.2 with PID 18928 (C:\Users\ivanick.santos\Nick-personal\ta-workspace\projects\Recursos_Humanos\target\RH-Service-0.0.1-SNAPSHOT.jar started by Ivanick.Santos in C:\Users\ivanick.santos\Nick-personal\ta-workspace\projects\Recursos_Humanos)
2026-05-03T17:10:02.981-01:00  INFO 18928 --- [recursoshumanos-service] [           main] c.i.R.RecursosHumanosApplication         : The following 1 profile is active: "development"
2026-05-03T17:10:07.100-01:00  INFO 18928 --- [recursoshumanos-service] [           main] .s.d.r.c.RepositoryConfigurationDelegate : Bootstrapping Spring Data JPA repositories in DEFAULT mode.
2026-05-03T17:10:07.937-01:00  INFO 18928 --- [recursoshumanos-service] [           main] .s.d.r.c.RepositoryConfigurationDelegate : Finished Spring Data repository scanning in 817 ms. Found 48 JPA repository interfaces.
2026-05-03T17:10:08.844-01:00  INFO 18928 --- [recursoshumanos-service] [           main] o.s.cloud.context.scope.GenericScope     : BeanFactory id=bfbbb3b0-afc9-3665-a147-05197539739c
2026-05-03T17:10:10.366-01:00  INFO 18928 --- [recursoshumanos-service] [           main] o.s.b.w.embedded.tomcat.TomcatWebServer  : Tomcat initialized with port 8091 (http)
2026-05-03T17:10:10.404-01:00  INFO 18928 --- [recursoshumanos-service] [           main] o.apache.catalina.core.StandardService   : Starting service [Tomcat]
2026-05-03T17:10:10.405-01:00  INFO 18928 --- [recursoshumanos-service] [           main] o.apache.catalina.core.StandardEngine    : Starting Servlet engine: [Apache Tomcat/10.1.42]
2026-05-03T17:10:10.484-01:00  INFO 18928 --- [recursoshumanos-service] [           main] o.a.c.c.C.[Tomcat].[localhost].[/]       : Initializing Spring embedded WebApplicationContext
2026-05-03T17:10:10.487-01:00  INFO 18928 --- [recursoshumanos-service] [           main] w.s.c.ServletWebServerApplicationContext : Root WebApplicationContext: initialization completed in 7363 ms
2026-05-03T17:10:11.406-01:00  INFO 18928 --- [recursoshumanos-service] [           main] com.zaxxer.hikari.HikariDataSource       : HikariPool-1 - Starting...
2026-05-03T17:10:12.001-01:00  INFO 18928 --- [recursoshumanos-service] [           main] com.zaxxer.hikari.pool.HikariPool        : HikariPool-1 - Added connection org.postgresql.jdbc.PgConnection@7e27b77a
2026-05-03T17:10:12.006-01:00  INFO 18928 --- [recursoshumanos-service] [           main] com.zaxxer.hikari.HikariDataSource       : HikariPool-1 - Start completed.
2026-05-03T17:10:12.113-01:00  INFO 18928 --- [recursoshumanos-service] [           main] org.flywaydb.core.FlywayExecutor         : Database: jdbc:postgresql://localhost:5436/recursoshumanos_db (PostgreSQL 17.5)
2026-05-03T17:10:12.404-01:00  INFO 18928 --- [recursoshumanos-service] [           main] o.f.core.internal.command.DbValidate     : Successfully validated 35 migrations (execution time 00:00.157s)
2026-05-03T17:10:12.468-01:00  INFO 18928 --- [recursoshumanos-service] [           main] o.f.core.internal.command.DbMigrate      : Current version of schema "public": 34
2026-05-03T17:10:12.477-01:00  INFO 18928 --- [recursoshumanos-service] [           main] o.f.core.internal.command.DbMigrate      : Schema "public" is up to date. No migration necessary.
2026-05-03T17:10:12.745-01:00  INFO 18928 --- [recursoshumanos-service] [           main] o.hibernate.jpa.internal.util.LogHelper  : HHH000204: Processing PersistenceUnitInfo [name: default]
2026-05-03T17:10:12.922-01:00  INFO 18928 --- [recursoshumanos-service] [           main] org.hibernate.Version                    : HHH000412: Hibernate ORM core version 6.6.18.Final
2026-05-03T17:10:13.006-01:00  INFO 18928 --- [recursoshumanos-service] [           main] o.h.c.internal.RegionFactoryInitiator    : HHH000026: Second-level cache disabled
2026-05-03T17:10:13.191-01:00  INFO 18928 --- [recursoshumanos-service] [           main] o.h.e.boot.internal.EnversServiceImpl    : Envers integration enabled? : true
2026-05-03T17:10:13.528-01:00  INFO 18928 --- [recursoshumanos-service] [           main] o.s.o.j.p.SpringPersistenceUnitInfo      : No LoadTimeWeaver setup: ignoring JPA class transformer
2026-05-03T17:10:13.682-01:00  INFO 18928 --- [recursoshumanos-service] [           main] org.hibernate.orm.connections.pooling    : HHH10001005: Database info:
	Database JDBC URL [Connecting through datasource 'HikariDataSource (HikariPool-1)']
	Database driver: undefined/unknown
	Database version: 17.5
	Autocommit mode: undefined/unknown
	Isolation level: undefined/unknown
	Minimum pool size: undefined/unknown
	Maximum pool size: undefined/unknown
2026-05-03T17:10:14.718-01:00  INFO 18928 --- [recursoshumanos-service] [           main] o.h.e.c.i.m.AuditMetadataGenerator       : Adding properties for entity: cv.igrp.RH_Service.estrutura.infrastructure.persistence.entity.FunctionEntity
2026-05-03T17:10:14.727-01:00  INFO 18928 --- [recursoshumanos-service] [           main] o.h.e.c.i.m.AuditMetadataGenerator       : Adding properties for entity: cv.igrp.RH_Service.parametrizacoes.infrastructure.persistence.entity.WorkerStateEntity
2026-05-03T17:10:14.727-01:00  INFO 18928 --- [recursoshumanos-service] [           main] o.h.e.c.i.m.AuditMetadataGenerator       : Adding properties for entity: cv.igrp.RH_Service.colaboradores.infrastructure.persistence.entity.QualificacaoEntity
2026-05-03T17:10:14.729-01:00  INFO 18928 --- [recursoshumanos-service] [           main] o.h.e.c.i.m.AuditMetadataGenerator       : Adding properties for entity: cv.igrp.RH_Service.parametrizacoes.infrastructure.persistence.entity.DocumentTypeEntity
2026-05-03T17:10:14.730-01:00  INFO 18928 --- [recursoshumanos-service] [           main] o.h.e.c.i.m.AuditMetadataGenerator       : Adding properties for entity: cv.igrp.RH_Service.colaboradores.infrastructure.persistence.entity.LicencaMobilidadeEntity
2026-05-03T17:10:14.730-01:00  INFO 18928 --- [recursoshumanos-service] [           main] o.h.e.c.i.m.AuditMetadataGenerator       : Adding properties for entity: cv.igrp.RH_Service.parametrizacoes.infrastructure.persistence.entity.ContractTypeEntity
2026-05-03T17:10:14.730-01:00  INFO 18928 --- [recursoshumanos-service] [           main] o.h.e.c.i.m.AuditMetadataGenerator       : Adding properties for entity: cv.igrp.RH_Service.estrutura.infrastructure.persistence.entity.OrganizationalUnitEntity
2026-05-03T17:10:14.731-01:00  INFO 18928 --- [recursoshumanos-service] [           main] o.h.e.c.i.m.AuditMetadataGenerator       : Adding properties for entity: cv.igrp.RH_Service.colaboradores.infrastructure.persistence.entity.FormacaoEntity
2026-05-03T17:10:14.732-01:00  INFO 18928 --- [recursoshumanos-service] [           main] o.h.e.c.i.m.AuditMetadataGenerator       : Adding properties for entity: cv.igrp.RH_Service.colaboradores.infrastructure.persistence.entity.PedidoAusenciaEntity
2026-05-03T17:10:14.733-01:00  INFO 18928 --- [recursoshumanos-service] [           main] o.h.e.c.i.m.AuditMetadataGenerator       : Adding properties for entity: cv.igrp.RH_Service.colaboradores.infrastructure.persistence.entity.FuncionarioEntity
2026-05-03T17:10:14.734-01:00  INFO 18928 --- [recursoshumanos-service] [           main] o.h.e.c.i.m.AuditMetadataGenerator       : Adding properties for entity: cv.igrp.RH_Service.parametrizacoes.infrastructure.persistence.entity.LeaveTypeEntity
2026-05-03T17:10:14.734-01:00  INFO 18928 --- [recursoshumanos-service] [           main] o.h.e.c.i.m.AuditMetadataGenerator       : Adding properties for entity: cv.igrp.RH_Service.parametrizacoes.infrastructure.persistence.entity.OptionEntity
2026-05-03T17:10:14.735-01:00  INFO 18928 --- [recursoshumanos-service] [           main] o.h.e.c.i.m.AuditMetadataGenerator       : Adding properties for entity: cv.igrp.RH_Service.colaboradores.infrastructure.persistence.entity.DocumentoEntity
2026-05-03T17:10:14.735-01:00  INFO 18928 --- [recursoshumanos-service] [           main] o.h.e.c.i.m.AuditMetadataGenerator       : Adding properties for entity: cv.igrp.RH_Service.shared.infrastructure.persistence.entity.IAMUserProfileEntity
2026-05-03T17:10:14.736-01:00  INFO 18928 --- [recursoshumanos-service] [           main] o.h.e.c.i.m.AuditMetadataGenerator       : Adding properties for entity: cv.igrp.RH_Service.carreiras.infrastructure.persistence.entity.CareerEntity
2026-05-03T17:10:14.737-01:00  INFO 18928 --- [recursoshumanos-service] [           main] o.h.e.c.i.m.AuditMetadataGenerator       : Adding properties for entity: cv.igrp.RH_Service.parametrizacoes.infrastructure.persistence.entity.PublicHolidayEntity
2026-05-03T17:10:14.738-01:00  INFO 18928 --- [recursoshumanos-service] [           main] o.h.e.c.i.m.AuditMetadataGenerator       : Adding properties for entity: cv.igrp.RH_Service.colaboradores.infrastructure.persistence.entity.ProcessoDisciplinarEntity
2026-05-03T17:10:14.738-01:00  INFO 18928 --- [recursoshumanos-service] [           main] o.h.e.c.i.m.AuditMetadataGenerator       : Adding properties for entity: cv.igrp.RH_Service.colaboradores.infrastructure.persistence.entity.DependenteEntity
2026-05-03T17:10:14.738-01:00  INFO 18928 --- [recursoshumanos-service] [           main] o.h.e.c.i.m.AuditMetadataGenerator       : Adding properties for entity: cv.igrp.RH_Service.parametrizacoes.infrastructure.persistence.entity.LeaveMobilitySubtypeEntity
2026-05-03T17:10:14.739-01:00  INFO 18928 --- [recursoshumanos-service] [           main] o.h.e.c.i.m.AuditMetadataGenerator       : Adding properties for entity: cv.igrp.RH_Service.colaboradores.infrastructure.persistence.entity.SaldoAusenciaEntity
2026-05-03T17:10:14.740-01:00  INFO 18928 --- [recursoshumanos-service] [           main] o.h.e.c.i.m.AuditMetadataGenerator       : Adding properties for entity: cv.igrp.RH_Service.carreiras.infrastructure.persistence.entity.GradeEntity
2026-05-03T17:10:14.740-01:00  INFO 18928 --- [recursoshumanos-service] [           main] o.h.e.c.i.m.AuditMetadataGenerator       : Adding properties for entity: cv.igrp.RH_Service.colaboradores.infrastructure.persistence.entity.EnquadramentoEntity
2026-05-03T17:10:14.741-01:00  INFO 18928 --- [recursoshumanos-service] [           main] o.h.e.c.i.m.AuditMetadataGenerator       : Adding properties for entity: cv.igrp.RH_Service.colaboradores.infrastructure.persistence.entity.ColocacaoEntity
2026-05-03T17:10:14.741-01:00  INFO 18928 --- [recursoshumanos-service] [           main] o.h.e.c.i.m.AuditMetadataGenerator       : Adding properties for entity: cv.igrp.RH_Service.carreiras.infrastructure.persistence.entity.CategoryEntity
2026-05-03T17:10:14.743-01:00  INFO 18928 --- [recursoshumanos-service] [           main] o.h.e.c.i.m.AuditMetadataGenerator       : Adding properties for entity: cv.igrp.RH_Service.colaboradores.infrastructure.persistence.entity.ContratoEntity
2026-05-03T17:10:14.743-01:00  INFO 18928 --- [recursoshumanos-service] [           main] o.h.e.c.i.m.AuditMetadataGenerator       : Adding properties for entity: cv.igrp.RH_Service.parametrizacoes.infrastructure.persistence.entity.ProfessionalSituationEntity
2026-05-03T17:10:14.744-01:00  INFO 18928 --- [recursoshumanos-service] [           main] o.h.e.c.i.m.AuditMetadataGenerator       : Adding properties for entity: cv.igrp.RH_Service.colaboradores.infrastructure.persistence.entity.ReciboVencimentoEntity
2026-05-03T17:10:14.744-01:00  INFO 18928 --- [recursoshumanos-service] [           main] o.h.e.c.i.m.AuditMetadataGenerator       : Adding properties for entity: cv.igrp.RH_Service.estrutura.infrastructure.persistence.entity.JobEntity
2026-05-03T17:10:17.401-01:00  INFO 18928 --- [recursoshumanos-service] [           main] o.h.e.t.j.p.i.JtaPlatformInitiator       : HHH000489: No JTA platform available (set 'hibernate.transaction.jta.platform' to enable JTA platform integration)
2026-05-03T17:10:24.570-01:00  INFO 18928 --- [recursoshumanos-service] [           main] j.LocalContainerEntityManagerFactoryBean : Initialized JPA EntityManagerFactory for persistence unit 'default'
2026-05-03T17:10:25.935-01:00  INFO 18928 --- [recursoshumanos-service] [           main] o.s.d.j.r.query.QueryEnhancerFactory     : Hibernate is in classpath; If applicable, HQL parser will be used.
2026-05-03T17:10:33.268-01:00  INFO 18928 --- [recursoshumanos-service] [           main] DiscoveryClientOptionalArgsConfiguration : Eureka HTTP Client uses RestTemplate.
2026-05-03T17:10:33.465-01:00  INFO 18928 --- [recursoshumanos-service] [           main] o.s.b.w.embedded.tomcat.TomcatWebServer  : Tomcat started on port 8091 (http) with context path '/'
2026-05-03T17:10:33.527-01:00  INFO 18928 --- [recursoshumanos-service] [           main] c.i.R.RecursosHumanosApplication         : Started RecursosHumanosApplication in 31.731 seconds (process running for 33.471)
2026-05-03T17:10:37.621-01:00  INFO 18928 --- [recursoshumanos-service] [nio-8091-exec-2] o.a.c.c.C.[Tomcat].[localhost].[/]       : Initializing Spring DispatcherServlet 'dispatcherServlet'
2026-05-03T17:10:37.621-01:00  INFO 18928 --- [recursoshumanos-service] [nio-8091-exec-2] o.s.web.servlet.DispatcherServlet        : Initializing Servlet 'dispatcherServlet'
2026-05-03T17:10:37.623-01:00  INFO 18928 --- [recursoshumanos-service] [nio-8091-exec-2] o.s.web.servlet.DispatcherServlet        : Completed initialization in 2 ms
Hibernate: 
    select
        fe1_0.id,
        fe1_0.bi_numero,
        fe1_0.bi_validade,
        fe1_0.created_by,
        fe1_0.created_date,
        fe1_0.data_admissao,
        fe1_0.data_nascimento,
        fe1_0.data_saida,
        fe1_0.email,
        fe1_0.estado_civil,
        fe1_0.foto_url,
        fe1_0.genero,
        fe1_0.is_active,
        fe1_0.last_modified_by,
        fe1_0.last_modified_date,
        fe1_0.morada,
        fe1_0.nacionalidade,
        fe1_0.nif,
        fe1_0.nome_completo,
        fe1_0.numero_funcionario,
        fe1_0.situacao_profissional,
        fe1_0.telefone 
    from
        t_funcionario fe1_0 
    where
        1=1 
        and fe1_0.is_active 
    offset
        ? rows 
    fetch
        first ? rows only
Hibernate: 
    select
        count(fe1_0.id) 
    from
        t_funcionario fe1_0 
    where
        1=1 
        and fe1_0.is_active
Hibernate: 
    select
        wse1_0.id,
        wse1_0.code,
        wse1_0.created_by,
        wse1_0.created_date,
        wse1_0.description,
        wse1_0.is_active,
        wse1_0.is_core,
        wse1_0.last_modified_by,
        wse1_0.last_modified_date 
    from
        t_worker_state wse1_0 
    where
        1=1 
        and wse1_0.is_active=? 
    offset
        ? rows 
    fetch
        first ? rows only
Hibernate: 
    select
        lte1_0.id,
        lte1_0.category_option_id,
        lte1_0.code,
        lte1_0.created_by,
        lte1_0.created_date,
        lte1_0.deducts_balance,
        lte1_0.description,
        lte1_0.is_active,
        lte1_0.last_modified_by,
        lte1_0.last_modified_date,
        lte1_0.max_days_per_year,
        lte1_0.requires_approval 
    from
        t_leave_type lte1_0 
    where
        1=1 
        and lte1_0.is_active=? 
    offset
        ? rows 
    fetch
        first ? rows only
Hibernate: 
    select
        phe1_0.id,
        phe1_0.created_by,
        phe1_0.created_date,
        phe1_0.description,
        phe1_0.holiday_date,
        phe1_0.is_active,
        phe1_0.is_national,
        phe1_0.last_modified_by,
        phe1_0.last_modified_date,
        phe1_0.name 
    from
        t_public_holiday phe1_0 
    where
        1=1 
        and phe1_0.is_active=? 
    offset
        ? rows 
    fetch
        first ? rows only
Hibernate: 
    select
        ce1_0.id,
        ce1_0.code,
        ce1_0.created_by,
        ce1_0.created_date,
        ce1_0.description,
        ce1_0.is_active,
        ce1_0.last_modified_by,
        ce1_0.last_modified_date,
        ce1_0.name 
    from
        t_career ce1_0 
    where
        1=1 
        and ce1_0.is_active=? 
    offset
        ? rows 
    fetch
        first ? rows only
Hibernate: 
    select
        ce1_0.id,
        ce1_0.career_id,
        ce1_0.code,
        ce1_0.created_by,
        ce1_0.created_date,
        ce1_0.description,
        ce1_0.is_active,
        ce1_0.last_modified_by,
        ce1_0.last_modified_date,
        ce1_0.name 
    from
        t_category ce1_0 
    where
        1=1 
        and ce1_0.is_active=? 
    offset
        ? rows 
    fetch
        first ? rows only
Hibernate: 
    select
        ge1_0.id,
        ge1_0.category_id,
        ge1_0.created_by,
        ge1_0.created_date,
        ge1_0.grade_number,
        ge1_0.is_active,
        ge1_0.last_modified_by,
        ge1_0.last_modified_date,
        ge1_0.name,
        ge1_0.salary_index 
    from
        t_grade ge1_0 
    where
        1=1 
        and ge1_0.is_active=? 
    offset
        ? rows 
    fetch
        first ? rows only
Hibernate: 
    select
        oue1_0.id,
        oue1_0.acronym,
        oue1_0.code,
        oue1_0.created_by,
        oue1_0.created_date,
        oue1_0.is_active,
        oue1_0.last_modified_by,
        oue1_0.last_modified_date,
        oue1_0.name,
        oue1_0.parent_unit_id,
        oue1_0.unit_type_option_id 
    from
        t_unidade_organica oue1_0 
    where
        1=1 
        and oue1_0.is_active=? 
    offset
        ? rows 
    fetch
        first ? rows only
Hibernate: 
    select
        je1_0.id,
        je1_0.code,
        je1_0.created_by,
        je1_0.created_date,
        je1_0.description,
        je1_0.is_active,
        je1_0.last_modified_by,
        je1_0.last_modified_date,
        je1_0.name 
    from
        t_job je1_0 
    where
        1=1 
        and je1_0.is_active=? 
    offset
        ? rows 
    fetch
        first ? rows only
Hibernate: 
    select
        fe1_0.id,
        fe1_0.code,
        fe1_0.created_by,
        fe1_0.created_date,
        fe1_0.description,
        fe1_0.is_active,
        fe1_0.last_modified_by,
        fe1_0.last_modified_date,
        fe1_0.name 
    from
        t_funcao fe1_0 
    where
        1=1 
        and fe1_0.is_active=? 
    offset
        ? rows 
    fetch
        first ? rows only
Hibernate: 
    select
        fe1_0.id,
        fe1_0.bi_numero,
        fe1_0.bi_validade,
        fe1_0.created_by,
        fe1_0.created_date,
        fe1_0.data_admissao,
        fe1_0.data_nascimento,
        fe1_0.data_saida,
        fe1_0.email,
        fe1_0.estado_civil,
        fe1_0.foto_url,
        fe1_0.genero,
        fe1_0.is_active,
        fe1_0.last_modified_by,
        fe1_0.last_modified_date,
        fe1_0.morada,
        fe1_0.nacionalidade,
        fe1_0.nif,
        fe1_0.nome_completo,
        fe1_0.numero_funcionario,
        fe1_0.situacao_profissional,
        fe1_0.telefone 
    from
        t_funcionario fe1_0 
    where
        fe1_0.id=?
Hibernate: 
    select
        fe1_0.id,
        fe1_0.created_by,
        fe1_0.created_date,
        fe1_0.document_id,
        fe1_0.duration_hours,
        fe1_0.end_date,
        fe1_0.funcionario_id,
        fe1_0.institution,
        fe1_0.last_modified_by,
        fe1_0.last_modified_date,
        fe1_0.name,
        fe1_0.start_date,
        fe1_0.type_option_key 
    from
        t_training fe1_0 
    where
        fe1_0.funcionario_id=?
Hibernate: 
    select
        fe1_0.id,
        fe1_0.bi_numero,
        fe1_0.bi_validade,
        fe1_0.created_by,
        fe1_0.created_date,
        fe1_0.data_admissao,
        fe1_0.data_nascimento,
        fe1_0.data_saida,
        fe1_0.email,
        fe1_0.estado_civil,
        fe1_0.foto_url,
        fe1_0.genero,
        fe1_0.is_active,
        fe1_0.last_modified_by,
        fe1_0.last_modified_date,
        fe1_0.morada,
        fe1_0.nacionalidade,
        fe1_0.nif,
        fe1_0.nome_completo,
        fe1_0.numero_funcionario,
        fe1_0.situacao_profissional,
        fe1_0.telefone 
    from
        t_funcionario fe1_0 
    where
        fe1_0.id=?
Hibernate: 
    select
        pde1_0.id,
        pde1_0.created_by,
        pde1_0.created_date,
        pde1_0.document_id,
        pde1_0.end_date,
        pde1_0.funcionario_id,
        pde1_0.last_modified_by,
        pde1_0.last_modified_date,
        pde1_0.notes,
        pde1_0.official_bulletin,
        pde1_0.penalty,
        pde1_0.penalty_end_date,
        pde1_0.penalty_start_date,
        pde1_0.process_number,
        pde1_0.start_date 
    from
        t_disciplinary_process pde1_0 
    where
        pde1_0.funcionario_id=?
Hibernate: 
    select
        ce1_0.id,
        ce1_0.assignment_type,
        ce1_0.created_by,
        ce1_0.created_date,
        ce1_0.end_date,
        ce1_0.funcionario_id,
        ce1_0.is_active,
        ce1_0.is_current,
        ce1_0.job_id,
        ce1_0.last_modified_by,
        ce1_0.last_modified_date,
        ce1_0.notes,
        ce1_0.start_date,
        ce1_0.unit_id 
    from
        employee_unit_assignments ce1_0 
    where
        ce1_0.funcionario_id=? 
        and ce1_0.is_active
Hibernate: 
    select
        lme1_0.id,
        lme1_0.created_by,
        lme1_0.created_date,
        lme1_0.data_fim,
        lme1_0.data_inicio,
        lme1_0.despacho_numero,
        lme1_0.destination_unit_id,
        lme1_0.document_id,
        lme1_0.entidade_destino,
        lme1_0.funcionario_id,
        lme1_0.is_active,
        lme1_0.justification,
        lme1_0.last_modified_by,
        lme1_0.last_modified_date,
        lme1_0.observacoes,
        lme1_0.rejection_reason,
        lme1_0.status,
        lme1_0.subtipo_id 
    from
        t_leave_mobility lme1_0 
    where
        lme1_0.funcionario_id=?
Hibernate: 
    select
        lmse1_0.id,
        lmse1_0.affects_pay,
        lmse1_0.can_self_submit,
        lmse1_0.code,
        lmse1_0.counts_for_seniority,
        lmse1_0.created_by,
        lmse1_0.created_date,
        lmse1_0.description,
        lmse1_0.is_active,
        lmse1_0.last_modified_by,
        lmse1_0.last_modified_date,
        lmse1_0.record_type 
    from
        t_leave_mobility_subtype lmse1_0 
    where
        lmse1_0.id=?
Hibernate: 
    select
        lmse1_0.id,
        lmse1_0.affects_pay,
        lmse1_0.can_self_submit,
        lmse1_0.code,
        lmse1_0.counts_for_seniority,
        lmse1_0.created_by,
        lmse1_0.created_date,
        lmse1_0.description,
        lmse1_0.is_active,
        lmse1_0.last_modified_by,
        lmse1_0.last_modified_date,
        lmse1_0.record_type 
    from
        t_leave_mobility_subtype lmse1_0 
    where
        lmse1_0.id=?
Hibernate: 
    select
        lmse1_0.id,
        lmse1_0.affects_pay,
        lmse1_0.can_self_submit,
        lmse1_0.code,
        lmse1_0.counts_for_seniority,
        lmse1_0.created_by,
        lmse1_0.created_date,
        lmse1_0.description,
        lmse1_0.is_active,
        lmse1_0.last_modified_by,
        lmse1_0.last_modified_date,
        lmse1_0.record_type 
    from
        t_leave_mobility_subtype lmse1_0 
    where
        lmse1_0.id=?
Hibernate: 
    select
        lmse1_0.id,
        lmse1_0.affects_pay,
        lmse1_0.can_self_submit,
        lmse1_0.code,
        lmse1_0.counts_for_seniority,
        lmse1_0.created_by,
        lmse1_0.created_date,
        lmse1_0.description,
        lmse1_0.is_active,
        lmse1_0.last_modified_by,
        lmse1_0.last_modified_date,
        lmse1_0.record_type 
    from
        t_leave_mobility_subtype lmse1_0 
    where
        lmse1_0.id=?
Hibernate: 
    select
        lmse1_0.id,
        lmse1_0.affects_pay,
        lmse1_0.can_self_submit,
        lmse1_0.code,
        lmse1_0.counts_for_seniority,
        lmse1_0.created_by,
        lmse1_0.created_date,
        lmse1_0.description,
        lmse1_0.is_active,
        lmse1_0.last_modified_by,
        lmse1_0.last_modified_date,
        lmse1_0.record_type 
    from
        t_leave_mobility_subtype lmse1_0 
    where
        lmse1_0.id=?
Hibernate: 
    select
        lmse1_0.id,
        lmse1_0.affects_pay,
        lmse1_0.can_self_submit,
        lmse1_0.code,
        lmse1_0.counts_for_seniority,
        lmse1_0.created_by,
        lmse1_0.created_date,
        lmse1_0.description,
        lmse1_0.is_active,
        lmse1_0.last_modified_by,
        lmse1_0.last_modified_date,
        lmse1_0.record_type 
    from
        t_leave_mobility_subtype lmse1_0 
    where
        lmse1_0.id=?
Hibernate: 
    select
        pae1_0.id,
        pae1_0.aprovado_por,
        pae1_0.created_by,
        pae1_0.created_date,
        pae1_0.data_decisao,
        pae1_0.data_fim,
        pae1_0.data_inicio,
        pae1_0.estado,
        pae1_0.funcionario_id,
        pae1_0.is_active,
        pae1_0.last_modified_by,
        pae1_0.last_modified_date,
        pae1_0.motivo,
        pae1_0.numero_dias,
        pae1_0.observacoes_decisao,
        pae1_0.tipo_ausencia_id 
    from
        t_leave_request pae1_0 
    where
        pae1_0.funcionario_id=?
Hibernate: 
    select
        lte1_0.id,
        lte1_0.category_option_id,
        lte1_0.code,
        lte1_0.created_by,
        lte1_0.created_date,
        lte1_0.deducts_balance,
        lte1_0.description,
        lte1_0.is_active,
        lte1_0.last_modified_by,
        lte1_0.last_modified_date,
        lte1_0.max_days_per_year,
        lte1_0.requires_approval 
    from
        t_leave_type lte1_0 
    where
        lte1_0.id=?
Hibernate: 
    select
        lte1_0.id,
        lte1_0.category_option_id,
        lte1_0.code,
        lte1_0.created_by,
        lte1_0.created_date,
        lte1_0.deducts_balance,
        lte1_0.description,
        lte1_0.is_active,
        lte1_0.last_modified_by,
        lte1_0.last_modified_date,
        lte1_0.max_days_per_year,
        lte1_0.requires_approval 
    from
        t_leave_type lte1_0 
    where
        lte1_0.id=?
Hibernate: 
    select
        lte1_0.id,
        lte1_0.category_option_id,
        lte1_0.code,
        lte1_0.created_by,
        lte1_0.created_date,
        lte1_0.deducts_balance,
        lte1_0.description,
        lte1_0.is_active,
        lte1_0.last_modified_by,
        lte1_0.last_modified_date,
        lte1_0.max_days_per_year,
        lte1_0.requires_approval 
    from
        t_leave_type lte1_0 
    where
        lte1_0.id=?
Hibernate: 
    select
        lte1_0.id,
        lte1_0.category_option_id,
        lte1_0.code,
        lte1_0.created_by,
        lte1_0.created_date,
        lte1_0.deducts_balance,
        lte1_0.description,
        lte1_0.is_active,
        lte1_0.last_modified_by,
        lte1_0.last_modified_date,
        lte1_0.max_days_per_year,
        lte1_0.requires_approval 
    from
        t_leave_type lte1_0 
    where
        lte1_0.id=?
Hibernate: 
    select
        lte1_0.id,
        lte1_0.category_option_id,
        lte1_0.code,
        lte1_0.created_by,
        lte1_0.created_date,
        lte1_0.deducts_balance,
        lte1_0.description,
        lte1_0.is_active,
        lte1_0.last_modified_by,
        lte1_0.last_modified_date,
        lte1_0.max_days_per_year,
        lte1_0.requires_approval 
    from
        t_leave_type lte1_0 
    where
        lte1_0.id=?
Hibernate: 
    select
        lte1_0.id,
        lte1_0.category_option_id,
        lte1_0.code,
        lte1_0.created_by,
        lte1_0.created_date,
        lte1_0.deducts_balance,
        lte1_0.description,
        lte1_0.is_active,
        lte1_0.last_modified_by,
        lte1_0.last_modified_date,
        lte1_0.max_days_per_year,
        lte1_0.requires_approval 
    from
        t_leave_type lte1_0 
    where
        lte1_0.id=?
Hibernate: 
    select
        lte1_0.id,
        lte1_0.category_option_id,
        lte1_0.code,
        lte1_0.created_by,
        lte1_0.created_date,
        lte1_0.deducts_balance,
        lte1_0.description,
        lte1_0.is_active,
        lte1_0.last_modified_by,
        lte1_0.last_modified_date,
        lte1_0.max_days_per_year,
        lte1_0.requires_approval 
    from
        t_leave_type lte1_0 
    where
        lte1_0.id=?
Hibernate: 
    select
        sae1_0.id,
        sae1_0.ano,
        sae1_0.created_by,
        sae1_0.created_date,
        sae1_0.dias_direito,
        sae1_0.dias_gozados,
        sae1_0.dias_pendentes,
        sae1_0.funcionario_id,
        sae1_0.last_modified_by,
        sae1_0.last_modified_date,
        sae1_0.tipo_ausencia_id 
    from
        t_leave_balance sae1_0 
    where
        sae1_0.funcionario_id=?
Hibernate: 
    select
        lte1_0.id,
        lte1_0.category_option_id,
        lte1_0.code,
        lte1_0.created_by,
        lte1_0.created_date,
        lte1_0.deducts_balance,
        lte1_0.description,
        lte1_0.is_active,
        lte1_0.last_modified_by,
        lte1_0.last_modified_date,
        lte1_0.max_days_per_year,
        lte1_0.requires_approval 
    from
        t_leave_type lte1_0 
    where
        lte1_0.id=?
Hibernate: 
    select
        de1_0.id,
        de1_0.content_type,
        de1_0.created_by,
        de1_0.created_date,
        de1_0.description,
        de1_0.document_type_id,
        de1_0.file_key,
        de1_0.file_size,
        de1_0.is_active,
        de1_0.last_modified_by,
        de1_0.last_modified_date,
        de1_0.original_filename,
        de1_0.reference_entity,
        de1_0.reference_id 
    from
        t_document de1_0 
    where
        de1_0.reference_entity=? 
        and de1_0.reference_id=? 
        and de1_0.is_active=?
Hibernate: 
    select
        dte1_0.id,
        dte1_0.allowed_extensions,
        dte1_0.category_option_id,
        dte1_0.codigo,
        dte1_0.created_by,
        dte1_0.created_date,
        dte1_0.descricao,
        dte1_0.is_active,
        dte1_0.last_modified_by,
        dte1_0.last_modified_date 
    from
        t_tipo_documento dte1_0 
    where
        dte1_0.id=?
Hibernate: 
    select
        dte1_0.id,
        dte1_0.allowed_extensions,
        dte1_0.category_option_id,
        dte1_0.codigo,
        dte1_0.created_by,
        dte1_0.created_date,
        dte1_0.descricao,
        dte1_0.is_active,
        dte1_0.last_modified_by,
        dte1_0.last_modified_date 
    from
        t_tipo_documento dte1_0 
    where
        dte1_0.id=?
Hibernate: 
    select
        fe1_0.id,
        fe1_0.bi_numero,
        fe1_0.bi_validade,
        fe1_0.created_by,
        fe1_0.created_date,
        fe1_0.data_admissao,
        fe1_0.data_nascimento,
        fe1_0.data_saida,
        fe1_0.email,
        fe1_0.estado_civil,
        fe1_0.foto_url,
        fe1_0.genero,
        fe1_0.is_active,
        fe1_0.last_modified_by,
        fe1_0.last_modified_date,
        fe1_0.morada,
        fe1_0.nacionalidade,
        fe1_0.nif,
        fe1_0.nome_completo,
        fe1_0.numero_funcionario,
        fe1_0.situacao_profissional,
        fe1_0.telefone 
    from
        t_funcionario fe1_0 
    where
        fe1_0.id=?
Hibernate: 
    select
        rve1_0.id,
        rve1_0.created_by,
        rve1_0.created_date,
        rve1_0.document_id,
        rve1_0.funcionario_id,
        rve1_0.gross_salary,
        rve1_0.issue_date,
        rve1_0.last_modified_by,
        rve1_0.last_modified_date,
        rve1_0.net_salary,
        rve1_0.period_month,
        rve1_0.period_year 
    from
        t_payroll_slip rve1_0 
    where
        rve1_0.funcionario_id=?
Hibernate: 
    select
        fe1_0.id,
        fe1_0.bi_numero,
        fe1_0.bi_validade,
        fe1_0.created_by,
        fe1_0.created_date,
        fe1_0.data_admissao,
        fe1_0.data_nascimento,
        fe1_0.data_saida,
        fe1_0.email,
        fe1_0.estado_civil,
        fe1_0.foto_url,
        fe1_0.genero,
        fe1_0.is_active,
        fe1_0.last_modified_by,
        fe1_0.last_modified_date,
        fe1_0.morada,
        fe1_0.nacionalidade,
        fe1_0.nif,
        fe1_0.nome_completo,
        fe1_0.numero_funcionario,
        fe1_0.situacao_profissional,
        fe1_0.telefone 
    from
        t_funcionario fe1_0
Hibernate: 
    select
        fe1_0.id,
        fe1_0.bi_numero,
        fe1_0.bi_validade,
        fe1_0.created_by,
        fe1_0.created_date,
        fe1_0.data_admissao,
        fe1_0.data_nascimento,
        fe1_0.data_saida,
        fe1_0.email,
        fe1_0.estado_civil,
        fe1_0.foto_url,
        fe1_0.genero,
        fe1_0.is_active,
        fe1_0.last_modified_by,
        fe1_0.last_modified_date,
        fe1_0.morada,
        fe1_0.nacionalidade,
        fe1_0.nif,
        fe1_0.nome_completo,
        fe1_0.numero_funcionario,
        fe1_0.situacao_profissional,
        fe1_0.telefone 
    from
        t_funcionario fe1_0 
    where
        fe1_0.id=?
Hibernate: 
    select
        pae1_0.id,
        pae1_0.aprovado_por,
        pae1_0.created_by,
        pae1_0.created_date,
        pae1_0.data_decisao,
        pae1_0.data_fim,
        pae1_0.data_inicio,
        pae1_0.estado,
        pae1_0.funcionario_id,
        pae1_0.is_active,
        pae1_0.last_modified_by,
        pae1_0.last_modified_date,
        pae1_0.motivo,
        pae1_0.numero_dias,
        pae1_0.observacoes_decisao,
        pae1_0.tipo_ausencia_id 
    from
        t_leave_request pae1_0 
    where
        pae1_0.funcionario_id=?
Hibernate: 
    select
        lte1_0.id,
        lte1_0.category_option_id,
        lte1_0.code,
        lte1_0.created_by,
        lte1_0.created_date,
        lte1_0.deducts_balance,
        lte1_0.description,
        lte1_0.is_active,
        lte1_0.last_modified_by,
        lte1_0.last_modified_date,
        lte1_0.max_days_per_year,
        lte1_0.requires_approval 
    from
        t_leave_type lte1_0 
    where
        lte1_0.id=?
Hibernate: 
    select
        lte1_0.id,
        lte1_0.category_option_id,
        lte1_0.code,
        lte1_0.created_by,
        lte1_0.created_date,
        lte1_0.deducts_balance,
        lte1_0.description,
        lte1_0.is_active,
        lte1_0.last_modified_by,
        lte1_0.last_modified_date,
        lte1_0.max_days_per_year,
        lte1_0.requires_approval 
    from
        t_leave_type lte1_0 
    where
        lte1_0.id=?
Hibernate: 
    select
        lte1_0.id,
        lte1_0.category_option_id,
        lte1_0.code,
        lte1_0.created_by,
        lte1_0.created_date,
        lte1_0.deducts_balance,
        lte1_0.description,
        lte1_0.is_active,
        lte1_0.last_modified_by,
        lte1_0.last_modified_date,
        lte1_0.max_days_per_year,
        lte1_0.requires_approval 
    from
        t_leave_type lte1_0 
    where
        lte1_0.id=?
Hibernate: 
    select
        lte1_0.id,
        lte1_0.category_option_id,
        lte1_0.code,
        lte1_0.created_by,
        lte1_0.created_date,
        lte1_0.deducts_balance,
        lte1_0.description,
        lte1_0.is_active,
        lte1_0.last_modified_by,
        lte1_0.last_modified_date,
        lte1_0.max_days_per_year,
        lte1_0.requires_approval 
    from
        t_leave_type lte1_0 
    where
        lte1_0.id=?
Hibernate: 
    select
        lte1_0.id,
        lte1_0.category_option_id,
        lte1_0.code,
        lte1_0.created_by,
        lte1_0.created_date,
        lte1_0.deducts_balance,
        lte1_0.description,
        lte1_0.is_active,
        lte1_0.last_modified_by,
        lte1_0.last_modified_date,
        lte1_0.max_days_per_year,
        lte1_0.requires_approval 
    from
        t_leave_type lte1_0 
    where
        lte1_0.id=?
Hibernate: 
    select
        lte1_0.id,
        lte1_0.category_option_id,
        lte1_0.code,
        lte1_0.created_by,
        lte1_0.created_date,
        lte1_0.deducts_balance,
        lte1_0.description,
        lte1_0.is_active,
        lte1_0.last_modified_by,
        lte1_0.last_modified_date,
        lte1_0.max_days_per_year,
        lte1_0.requires_approval 
    from
        t_leave_type lte1_0 
    where
        lte1_0.id=?
Hibernate: 
    select
        lte1_0.id,
        lte1_0.category_option_id,
        lte1_0.code,
        lte1_0.created_by,
        lte1_0.created_date,
        lte1_0.deducts_balance,
        lte1_0.description,
        lte1_0.is_active,
        lte1_0.last_modified_by,
        lte1_0.last_modified_date,
        lte1_0.max_days_per_year,
        lte1_0.requires_approval 
    from
        t_leave_type lte1_0 
    where
        lte1_0.id=?
Hibernate: 
    select
        fe1_0.id,
        fe1_0.bi_numero,
        fe1_0.bi_validade,
        fe1_0.created_by,
        fe1_0.created_date,
        fe1_0.data_admissao,
        fe1_0.data_nascimento,
        fe1_0.data_saida,
        fe1_0.email,
        fe1_0.estado_civil,
        fe1_0.foto_url,
        fe1_0.genero,
        fe1_0.is_active,
        fe1_0.last_modified_by,
        fe1_0.last_modified_date,
        fe1_0.morada,
        fe1_0.nacionalidade,
        fe1_0.nif,
        fe1_0.nome_completo,
        fe1_0.numero_funcionario,
        fe1_0.situacao_profissional,
        fe1_0.telefone 
    from
        t_funcionario fe1_0
Hibernate: 
    select
        fe1_0.id,
        fe1_0.bi_numero,
        fe1_0.bi_validade,
        fe1_0.created_by,
        fe1_0.created_date,
        fe1_0.data_admissao,
        fe1_0.data_nascimento,
        fe1_0.data_saida,
        fe1_0.email,
        fe1_0.estado_civil,
        fe1_0.foto_url,
        fe1_0.genero,
        fe1_0.is_active,
        fe1_0.last_modified_by,
        fe1_0.last_modified_date,
        fe1_0.morada,
        fe1_0.nacionalidade,
        fe1_0.nif,
        fe1_0.nome_completo,
        fe1_0.numero_funcionario,
        fe1_0.situacao_profissional,
        fe1_0.telefone 
    from
        t_funcionario fe1_0 
    where
        fe1_0.id=?
Hibernate: 
    select
        lme1_0.id,
        lme1_0.created_by,
        lme1_0.created_date,
        lme1_0.data_fim,
        lme1_0.data_inicio,
        lme1_0.despacho_numero,
        lme1_0.destination_unit_id,
        lme1_0.document_id,
        lme1_0.entidade_destino,
        lme1_0.funcionario_id,
        lme1_0.is_active,
        lme1_0.justification,
        lme1_0.last_modified_by,
        lme1_0.last_modified_date,
        lme1_0.observacoes,
        lme1_0.rejection_reason,
        lme1_0.status,
        lme1_0.subtipo_id 
    from
        t_leave_mobility lme1_0 
    where
        lme1_0.funcionario_id=?
Hibernate: 
    select
        lmse1_0.id,
        lmse1_0.affects_pay,
        lmse1_0.can_self_submit,
        lmse1_0.code,
        lmse1_0.counts_for_seniority,
        lmse1_0.created_by,
        lmse1_0.created_date,
        lmse1_0.description,
        lmse1_0.is_active,
        lmse1_0.last_modified_by,
        lmse1_0.last_modified_date,
        lmse1_0.record_type 
    from
        t_leave_mobility_subtype lmse1_0 
    where
        lmse1_0.id=?
Hibernate: 
    select
        lmse1_0.id,
        lmse1_0.affects_pay,
        lmse1_0.can_self_submit,
        lmse1_0.code,
        lmse1_0.counts_for_seniority,
        lmse1_0.created_by,
        lmse1_0.created_date,
        lmse1_0.description,
        lmse1_0.is_active,
        lmse1_0.last_modified_by,
        lmse1_0.last_modified_date,
        lmse1_0.record_type 
    from
        t_leave_mobility_subtype lmse1_0 
    where
        lmse1_0.id=?
Hibernate: 
    select
        lmse1_0.id,
        lmse1_0.affects_pay,
        lmse1_0.can_self_submit,
        lmse1_0.code,
        lmse1_0.counts_for_seniority,
        lmse1_0.created_by,
        lmse1_0.created_date,
        lmse1_0.description,
        lmse1_0.is_active,
        lmse1_0.last_modified_by,
        lmse1_0.last_modified_date,
        lmse1_0.record_type 
    from
        t_leave_mobility_subtype lmse1_0 
    where
        lmse1_0.id=?
Hibernate: 
    select
        lmse1_0.id,
        lmse1_0.affects_pay,
        lmse1_0.can_self_submit,
        lmse1_0.code,
        lmse1_0.counts_for_seniority,
        lmse1_0.created_by,
        lmse1_0.created_date,
        lmse1_0.description,
        lmse1_0.is_active,
        lmse1_0.last_modified_by,
        lmse1_0.last_modified_date,
        lmse1_0.record_type 
    from
        t_leave_mobility_subtype lmse1_0 
    where
        lmse1_0.id=?
Hibernate: 
    select
        lmse1_0.id,
        lmse1_0.affects_pay,
        lmse1_0.can_self_submit,
        lmse1_0.code,
        lmse1_0.counts_for_seniority,
        lmse1_0.created_by,
        lmse1_0.created_date,
        lmse1_0.description,
        lmse1_0.is_active,
        lmse1_0.last_modified_by,
        lmse1_0.last_modified_date,
        lmse1_0.record_type 
    from
        t_leave_mobility_subtype lmse1_0 
    where
        lmse1_0.id=?
Hibernate: 
    select
        lmse1_0.id,
        lmse1_0.affects_pay,
        lmse1_0.can_self_submit,
        lmse1_0.code,
        lmse1_0.counts_for_seniority,
        lmse1_0.created_by,
        lmse1_0.created_date,
        lmse1_0.description,
        lmse1_0.is_active,
        lmse1_0.last_modified_by,
        lmse1_0.last_modified_date,
        lmse1_0.record_type 
    from
        t_leave_mobility_subtype lmse1_0 
    where
        lmse1_0.id=?
Hibernate: 
    select
        fe1_0.id,
        fe1_0.bi_numero,
        fe1_0.bi_validade,
        fe1_0.created_by,
        fe1_0.created_date,
        fe1_0.data_admissao,
        fe1_0.data_nascimento,
        fe1_0.data_saida,
        fe1_0.email,
        fe1_0.estado_civil,
        fe1_0.foto_url,
        fe1_0.genero,
        fe1_0.is_active,
        fe1_0.last_modified_by,
        fe1_0.last_modified_date,
        fe1_0.morada,
        fe1_0.nacionalidade,
        fe1_0.nif,
        fe1_0.nome_completo,
        fe1_0.numero_funcionario,
        fe1_0.situacao_profissional,
        fe1_0.telefone 
    from
        t_funcionario fe1_0
Hibernate: 
    select
        fe1_0.id,
        fe1_0.bi_numero,
        fe1_0.bi_validade,
        fe1_0.created_by,
        fe1_0.created_date,
        fe1_0.data_admissao,
        fe1_0.data_nascimento,
        fe1_0.data_saida,
        fe1_0.email,
        fe1_0.estado_civil,
        fe1_0.foto_url,
        fe1_0.genero,
        fe1_0.is_active,
        fe1_0.last_modified_by,
        fe1_0.last_modified_date,
        fe1_0.morada,
        fe1_0.nacionalidade,
        fe1_0.nif,
        fe1_0.nome_completo,
        fe1_0.numero_funcionario,
        fe1_0.situacao_profissional,
        fe1_0.telefone 
    from
        t_funcionario fe1_0 
    where
        fe1_0.id=?
Hibernate: 
    select
        rve1_0.id,
        rve1_0.created_by,
        rve1_0.created_date,
        rve1_0.document_id,
        rve1_0.funcionario_id,
        rve1_0.gross_salary,
        rve1_0.issue_date,
        rve1_0.last_modified_by,
        rve1_0.last_modified_date,
        rve1_0.net_salary,
        rve1_0.period_month,
        rve1_0.period_year 
    from
        t_payroll_slip rve1_0 
    where
        rve1_0.funcionario_id=?
Hibernate: 
    select
        fe1_0.id,
        fe1_0.bi_numero,
        fe1_0.bi_validade,
        fe1_0.created_by,
        fe1_0.created_date,
        fe1_0.data_admissao,
        fe1_0.data_nascimento,
        fe1_0.data_saida,
        fe1_0.email,
        fe1_0.estado_civil,
        fe1_0.foto_url,
        fe1_0.genero,
        fe1_0.is_active,
        fe1_0.last_modified_by,
        fe1_0.last_modified_date,
        fe1_0.morada,
        fe1_0.nacionalidade,
        fe1_0.nif,
        fe1_0.nome_completo,
        fe1_0.numero_funcionario,
        fe1_0.situacao_profissional,
        fe1_0.telefone 
    from
        t_funcionario fe1_0
Hibernate: 
    select
        fe1_0.id,
        fe1_0.bi_numero,
        fe1_0.bi_validade,
        fe1_0.created_by,
        fe1_0.created_date,
        fe1_0.data_admissao,
        fe1_0.data_nascimento,
        fe1_0.data_saida,
        fe1_0.email,
        fe1_0.estado_civil,
        fe1_0.foto_url,
        fe1_0.genero,
        fe1_0.is_active,
        fe1_0.last_modified_by,
        fe1_0.last_modified_date,
        fe1_0.morada,
        fe1_0.nacionalidade,
        fe1_0.nif,
        fe1_0.nome_completo,
        fe1_0.numero_funcionario,
        fe1_0.situacao_profissional,
        fe1_0.telefone 
    from
        t_funcionario fe1_0 
    where
        fe1_0.id=?
Hibernate: 
    select
        de1_0.id,
        de1_0.content_type,
        de1_0.created_by,
        de1_0.created_date,
        de1_0.description,
        de1_0.document_type_id,
        de1_0.file_key,
        de1_0.file_size,
        de1_0.is_active,
        de1_0.last_modified_by,
        de1_0.last_modified_date,
        de1_0.original_filename,
        de1_0.reference_entity,
        de1_0.reference_id 
    from
        t_document de1_0 
    where
        de1_0.reference_entity=? 
        and de1_0.reference_id=? 
        and de1_0.is_active=?
Hibernate: 
    select
        dte1_0.id,
        dte1_0.allowed_extensions,
        dte1_0.category_option_id,
        dte1_0.codigo,
        dte1_0.created_by,
        dte1_0.created_date,
        dte1_0.descricao,
        dte1_0.is_active,
        dte1_0.last_modified_by,
        dte1_0.last_modified_date 
    from
        t_tipo_documento dte1_0 
    where
        dte1_0.id=?
Hibernate: 
    select
        dte1_0.id,
        dte1_0.allowed_extensions,
        dte1_0.category_option_id,
        dte1_0.codigo,
        dte1_0.created_by,
        dte1_0.created_date,
        dte1_0.descricao,
        dte1_0.is_active,
        dte1_0.last_modified_by,
        dte1_0.last_modified_date 
    from
        t_tipo_documento dte1_0 
    where
        dte1_0.id=?
Hibernate: 
    select
        wse1_0.id,
        wse1_0.code,
        wse1_0.created_by,
        wse1_0.created_date,
        wse1_0.description,
        wse1_0.is_active,
        wse1_0.is_core,
        wse1_0.last_modified_by,
        wse1_0.last_modified_date 
    from
        t_worker_state wse1_0 
    where
        1=1 
        and wse1_0.is_active=? 
    offset
        ? rows 
    fetch
        first ? rows only
Hibernate: 
    select
        fe1_0.id,
        fe1_0.bi_numero,
        fe1_0.bi_validade,
        fe1_0.created_by,
        fe1_0.created_date,
        fe1_0.data_admissao,
        fe1_0.data_nascimento,
        fe1_0.data_saida,
        fe1_0.email,
        fe1_0.estado_civil,
        fe1_0.foto_url,
        fe1_0.genero,
        fe1_0.is_active,
        fe1_0.last_modified_by,
        fe1_0.last_modified_date,
        fe1_0.morada,
        fe1_0.nacionalidade,
        fe1_0.nif,
        fe1_0.nome_completo,
        fe1_0.numero_funcionario,
        fe1_0.situacao_profissional,
        fe1_0.telefone 
    from
        t_funcionario fe1_0 
    where
        1=1 
        and fe1_0.is_active 
    offset
        ? rows 
    fetch
        first ? rows only
Hibernate: 
    select
        count(fe1_0.id) 
    from
        t_funcionario fe1_0 
    where
        1=1 
        and fe1_0.is_active
Hibernate: 
    select
        wse1_0.id,
        wse1_0.code,
        wse1_0.created_by,
        wse1_0.created_date,
        wse1_0.description,
        wse1_0.is_active,
        wse1_0.is_core,
        wse1_0.last_modified_by,
        wse1_0.last_modified_date 
    from
        t_worker_state wse1_0 
    where
        1=1 
        and wse1_0.is_active=? 
    offset
        ? rows 
    fetch
        first ? rows only
Hibernate: 
    select
        pse1_0.id,
        pse1_0.code,
        pse1_0.created_by,
        pse1_0.created_date,
        pse1_0.description,
        pse1_0.is_active,
        pse1_0.last_modified_by,
        pse1_0.last_modified_date 
    from
        t_professional_situation pse1_0 
    where
        1=1 
        and pse1_0.is_active=? 
    offset
        ? rows 
    fetch
        first ? rows only
Hibernate: 
    select
        cte1_0.id,
        cte1_0.code,
        cte1_0.created_by,
        cte1_0.created_date,
        cte1_0.description,
        cte1_0.is_active,
        cte1_0.last_modified_by,
        cte1_0.last_modified_date 
    from
        t_contract_type cte1_0 
    where
        1=1 
        and cte1_0.is_active=? 
    offset
        ? rows 
    fetch
        first ? rows only
Hibernate: 
    select
        lte1_0.id,
        lte1_0.category_option_id,
        lte1_0.code,
        lte1_0.created_by,
        lte1_0.created_date,
        lte1_0.deducts_balance,
        lte1_0.description,
        lte1_0.is_active,
        lte1_0.last_modified_by,
        lte1_0.last_modified_date,
        lte1_0.max_days_per_year,
        lte1_0.requires_approval 
    from
        t_leave_type lte1_0 
    where
        1=1 
        and lte1_0.is_active=? 
    offset
        ? rows 
    fetch
        first ? rows only
Hibernate: 
    select
        dte1_0.id,
        dte1_0.allowed_extensions,
        dte1_0.category_option_id,
        dte1_0.codigo,
        dte1_0.created_by,
        dte1_0.created_date,
        dte1_0.descricao,
        dte1_0.is_active,
        dte1_0.last_modified_by,
        dte1_0.last_modified_date 
    from
        t_tipo_documento dte1_0 
    where
        1=1 
        and dte1_0.is_active=? 
    offset
        ? rows 
    fetch
        first ? rows only
Hibernate: 
    select
        lmse1_0.id,
        lmse1_0.affects_pay,
        lmse1_0.can_self_submit,
        lmse1_0.code,
        lmse1_0.counts_for_seniority,
        lmse1_0.created_by,
        lmse1_0.created_date,
        lmse1_0.description,
        lmse1_0.is_active,
        lmse1_0.last_modified_by,
        lmse1_0.last_modified_date,
        lmse1_0.record_type 
    from
        t_leave_mobility_subtype lmse1_0 
    where
        1=1 
        and lmse1_0.is_active=? 
    offset
        ? rows 
    fetch
        first ? rows only
Hibernate: 
    select
        phe1_0.id,
        phe1_0.created_by,
        phe1_0.created_date,
        phe1_0.description,
        phe1_0.holiday_date,
        phe1_0.is_active,
        phe1_0.is_national,
        phe1_0.last_modified_by,
        phe1_0.last_modified_date,
        phe1_0.name 
    from
        t_public_holiday phe1_0 
    where
        1=1 
        and phe1_0.is_active=? 
    offset
        ? rows 
    fetch
        first ? rows only
Hibernate: 
    select
        ce1_0.id,
        ce1_0.code,
        ce1_0.created_by,
        ce1_0.created_date,
        ce1_0.description,
        ce1_0.is_active,
        ce1_0.last_modified_by,
        ce1_0.last_modified_date,
        ce1_0.name 
    from
        t_career ce1_0 
    where
        1=1 
        and ce1_0.is_active=? 
    offset
        ? rows 
    fetch
        first ? rows only
Hibernate: 
    select
        ce1_0.id,
        ce1_0.career_id,
        ce1_0.code,
        ce1_0.created_by,
        ce1_0.created_date,
        ce1_0.description,
        ce1_0.is_active,
        ce1_0.last_modified_by,
        ce1_0.last_modified_date,
        ce1_0.name 
    from
        t_category ce1_0 
    where
        1=1 
        and ce1_0.is_active=? 
    offset
        ? rows 
    fetch
        first ? rows only
Hibernate: 
    select
        ge1_0.id,
        ge1_0.category_id,
        ge1_0.created_by,
        ge1_0.created_date,
        ge1_0.grade_number,
        ge1_0.is_active,
        ge1_0.last_modified_by,
        ge1_0.last_modified_date,
        ge1_0.name,
        ge1_0.salary_index 
    from
        t_grade ge1_0 
    where
        1=1 
        and ge1_0.is_active=? 
    offset
        ? rows 
    fetch
        first ? rows only
Hibernate: 
    select
        oue1_0.id,
        oue1_0.acronym,
        oue1_0.code,
        oue1_0.created_by,
        oue1_0.created_date,
        oue1_0.is_active,
        oue1_0.last_modified_by,
        oue1_0.last_modified_date,
        oue1_0.name,
        oue1_0.parent_unit_id,
        oue1_0.unit_type_option_id 
    from
        t_unidade_organica oue1_0 
    where
        1=1 
        and oue1_0.is_active=? 
    offset
        ? rows 
    fetch
        first ? rows only
Hibernate: 
    select
        je1_0.id,
        je1_0.code,
        je1_0.created_by,
        je1_0.created_date,
        je1_0.description,
        je1_0.is_active,
        je1_0.last_modified_by,
        je1_0.last_modified_date,
        je1_0.name 
    from
        t_job je1_0 
    where
        1=1 
        and je1_0.is_active=? 
    offset
        ? rows 
    fetch
        first ? rows only
Hibernate: 
    select
        fe1_0.id,
        fe1_0.code,
        fe1_0.created_by,
        fe1_0.created_date,
        fe1_0.description,
        fe1_0.is_active,
        fe1_0.last_modified_by,
        fe1_0.last_modified_date,
        fe1_0.name 
    from
        t_funcao fe1_0 
    where
        1=1 
        and fe1_0.is_active=? 
    offset
        ? rows 
    fetch
        first ? rows only
Hibernate: 
    select
        fe1_0.id,
        fe1_0.bi_numero,
        fe1_0.bi_validade,
        fe1_0.created_by,
        fe1_0.created_date,
        fe1_0.data_admissao,
        fe1_0.data_nascimento,
        fe1_0.data_saida,
        fe1_0.email,
        fe1_0.estado_civil,
        fe1_0.foto_url,
        fe1_0.genero,
        fe1_0.is_active,
        fe1_0.last_modified_by,
        fe1_0.last_modified_date,
        fe1_0.morada,
        fe1_0.nacionalidade,
        fe1_0.nif,
        fe1_0.nome_completo,
        fe1_0.numero_funcionario,
        fe1_0.situacao_profissional,
        fe1_0.telefone 
    from
        t_funcionario fe1_0 
    where
        fe1_0.id=?
Hibernate: 
    select
        fe1_0.id,
        fe1_0.created_by,
        fe1_0.created_date,
        fe1_0.document_id,
        fe1_0.duration_hours,
        fe1_0.end_date,
        fe1_0.funcionario_id,
        fe1_0.institution,
        fe1_0.last_modified_by,
        fe1_0.last_modified_date,
        fe1_0.name,
        fe1_0.start_date,
        fe1_0.type_option_key 
    from
        t_training fe1_0 
    where
        fe1_0.funcionario_id=?
Hibernate: 
    select
        fe1_0.id,
        fe1_0.bi_numero,
        fe1_0.bi_validade,
        fe1_0.created_by,
        fe1_0.created_date,
        fe1_0.data_admissao,
        fe1_0.data_nascimento,
        fe1_0.data_saida,
        fe1_0.email,
        fe1_0.estado_civil,
        fe1_0.foto_url,
        fe1_0.genero,
        fe1_0.is_active,
        fe1_0.last_modified_by,
        fe1_0.last_modified_date,
        fe1_0.morada,
        fe1_0.nacionalidade,
        fe1_0.nif,
        fe1_0.nome_completo,
        fe1_0.numero_funcionario,
        fe1_0.situacao_profissional,
        fe1_0.telefone 
    from
        t_funcionario fe1_0 
    where
        fe1_0.id=?
Hibernate: 
    select
        pde1_0.id,
        pde1_0.created_by,
        pde1_0.created_date,
        pde1_0.document_id,
        pde1_0.end_date,
        pde1_0.funcionario_id,
        pde1_0.last_modified_by,
        pde1_0.last_modified_date,
        pde1_0.notes,
        pde1_0.official_bulletin,
        pde1_0.penalty,
        pde1_0.penalty_end_date,
        pde1_0.penalty_start_date,
        pde1_0.process_number,
        pde1_0.start_date 
    from
        t_disciplinary_process pde1_0 
    where
        pde1_0.funcionario_id=?
Hibernate: 
    select
        ce1_0.id,
        ce1_0.assignment_type,
        ce1_0.created_by,
        ce1_0.created_date,
        ce1_0.end_date,
        ce1_0.funcionario_id,
        ce1_0.is_active,
        ce1_0.is_current,
        ce1_0.job_id,
        ce1_0.last_modified_by,
        ce1_0.last_modified_date,
        ce1_0.notes,
        ce1_0.start_date,
        ce1_0.unit_id 
    from
        employee_unit_assignments ce1_0 
    where
        ce1_0.funcionario_id=? 
        and ce1_0.is_active
Hibernate: 
    select
        lme1_0.id,
        lme1_0.created_by,
        lme1_0.created_date,
        lme1_0.data_fim,
        lme1_0.data_inicio,
        lme1_0.despacho_numero,
        lme1_0.destination_unit_id,
        lme1_0.document_id,
        lme1_0.entidade_destino,
        lme1_0.funcionario_id,
        lme1_0.is_active,
        lme1_0.justification,
        lme1_0.last_modified_by,
        lme1_0.last_modified_date,
        lme1_0.observacoes,
        lme1_0.rejection_reason,
        lme1_0.status,
        lme1_0.subtipo_id 
    from
        t_leave_mobility lme1_0 
    where
        lme1_0.funcionario_id=?
Hibernate: 
    select
        lmse1_0.id,
        lmse1_0.affects_pay,
        lmse1_0.can_self_submit,
        lmse1_0.code,
        lmse1_0.counts_for_seniority,
        lmse1_0.created_by,
        lmse1_0.created_date,
        lmse1_0.description,
        lmse1_0.is_active,
        lmse1_0.last_modified_by,
        lmse1_0.last_modified_date,
        lmse1_0.record_type 
    from
        t_leave_mobility_subtype lmse1_0 
    where
        lmse1_0.id=?
Hibernate: 
    select
        lmse1_0.id,
        lmse1_0.affects_pay,
        lmse1_0.can_self_submit,
        lmse1_0.code,
        lmse1_0.counts_for_seniority,
        lmse1_0.created_by,
        lmse1_0.created_date,
        lmse1_0.description,
        lmse1_0.is_active,
        lmse1_0.last_modified_by,
        lmse1_0.last_modified_date,
        lmse1_0.record_type 
    from
        t_leave_mobility_subtype lmse1_0 
    where
        lmse1_0.id=?
Hibernate: 
    select
        lmse1_0.id,
        lmse1_0.affects_pay,
        lmse1_0.can_self_submit,
        lmse1_0.code,
        lmse1_0.counts_for_seniority,
        lmse1_0.created_by,
        lmse1_0.created_date,
        lmse1_0.description,
        lmse1_0.is_active,
        lmse1_0.last_modified_by,
        lmse1_0.last_modified_date,
        lmse1_0.record_type 
    from
        t_leave_mobility_subtype lmse1_0 
    where
        lmse1_0.id=?
Hibernate: 
    select
        lmse1_0.id,
        lmse1_0.affects_pay,
        lmse1_0.can_self_submit,
        lmse1_0.code,
        lmse1_0.counts_for_seniority,
        lmse1_0.created_by,
        lmse1_0.created_date,
        lmse1_0.description,
        lmse1_0.is_active,
        lmse1_0.last_modified_by,
        lmse1_0.last_modified_date,
        lmse1_0.record_type 
    from
        t_leave_mobility_subtype lmse1_0 
    where
        lmse1_0.id=?
Hibernate: 
    select
        lmse1_0.id,
        lmse1_0.affects_pay,
        lmse1_0.can_self_submit,
        lmse1_0.code,
        lmse1_0.counts_for_seniority,
        lmse1_0.created_by,
        lmse1_0.created_date,
        lmse1_0.description,
        lmse1_0.is_active,
        lmse1_0.last_modified_by,
        lmse1_0.last_modified_date,
        lmse1_0.record_type 
    from
        t_leave_mobility_subtype lmse1_0 
    where
        lmse1_0.id=?
Hibernate: 
    select
        lmse1_0.id,
        lmse1_0.affects_pay,
        lmse1_0.can_self_submit,
        lmse1_0.code,
        lmse1_0.counts_for_seniority,
        lmse1_0.created_by,
        lmse1_0.created_date,
        lmse1_0.description,
        lmse1_0.is_active,
        lmse1_0.last_modified_by,
        lmse1_0.last_modified_date,
        lmse1_0.record_type 
    from
        t_leave_mobility_subtype lmse1_0 
    where
        lmse1_0.id=?
Hibernate: 
    select
        pae1_0.id,
        pae1_0.aprovado_por,
        pae1_0.created_by,
        pae1_0.created_date,
        pae1_0.data_decisao,
        pae1_0.data_fim,
        pae1_0.data_inicio,
        pae1_0.estado,
        pae1_0.funcionario_id,
        pae1_0.is_active,
        pae1_0.last_modified_by,
        pae1_0.last_modified_date,
        pae1_0.motivo,
        pae1_0.numero_dias,
        pae1_0.observacoes_decisao,
        pae1_0.tipo_ausencia_id 
    from
        t_leave_request pae1_0 
    where
        pae1_0.funcionario_id=?
Hibernate: 
    select
        lte1_0.id,
        lte1_0.category_option_id,
        lte1_0.code,
        lte1_0.created_by,
        lte1_0.created_date,
        lte1_0.deducts_balance,
        lte1_0.description,
        lte1_0.is_active,
        lte1_0.last_modified_by,
        lte1_0.last_modified_date,
        lte1_0.max_days_per_year,
        lte1_0.requires_approval 
    from
        t_leave_type lte1_0 
    where
        lte1_0.id=?
Hibernate: 
    select
        lte1_0.id,
        lte1_0.category_option_id,
        lte1_0.code,
        lte1_0.created_by,
        lte1_0.created_date,
        lte1_0.deducts_balance,
        lte1_0.description,
        lte1_0.is_active,
        lte1_0.last_modified_by,
        lte1_0.last_modified_date,
        lte1_0.max_days_per_year,
        lte1_0.requires_approval 
    from
        t_leave_type lte1_0 
    where
        lte1_0.id=?
Hibernate: 
    select
        lte1_0.id,
        lte1_0.category_option_id,
        lte1_0.code,
        lte1_0.created_by,
        lte1_0.created_date,
        lte1_0.deducts_balance,
        lte1_0.description,
        lte1_0.is_active,
        lte1_0.last_modified_by,
        lte1_0.last_modified_date,
        lte1_0.max_days_per_year,
        lte1_0.requires_approval 
    from
        t_leave_type lte1_0 
    where
        lte1_0.id=?
Hibernate: 
    select
        lte1_0.id,
        lte1_0.category_option_id,
        lte1_0.code,
        lte1_0.created_by,
        lte1_0.created_date,
        lte1_0.deducts_balance,
        lte1_0.description,
        lte1_0.is_active,
        lte1_0.last_modified_by,
        lte1_0.last_modified_date,
        lte1_0.max_days_per_year,
        lte1_0.requires_approval 
    from
        t_leave_type lte1_0 
    where
        lte1_0.id=?
Hibernate: 
    select
        lte1_0.id,
        lte1_0.category_option_id,
        lte1_0.code,
        lte1_0.created_by,
        lte1_0.created_date,
        lte1_0.deducts_balance,
        lte1_0.description,
        lte1_0.is_active,
        lte1_0.last_modified_by,
        lte1_0.last_modified_date,
        lte1_0.max_days_per_year,
        lte1_0.requires_approval 
    from
        t_leave_type lte1_0 
    where
        lte1_0.id=?
Hibernate: 
    select
        lte1_0.id,
        lte1_0.category_option_id,
        lte1_0.code,
        lte1_0.created_by,
        lte1_0.created_date,
        lte1_0.deducts_balance,
        lte1_0.description,
        lte1_0.is_active,
        lte1_0.last_modified_by,
        lte1_0.last_modified_date,
        lte1_0.max_days_per_year,
        lte1_0.requires_approval 
    from
        t_leave_type lte1_0 
    where
        lte1_0.id=?
Hibernate: 
    select
        lte1_0.id,
        lte1_0.category_option_id,
        lte1_0.code,
        lte1_0.created_by,
        lte1_0.created_date,
        lte1_0.deducts_balance,
        lte1_0.description,
        lte1_0.is_active,
        lte1_0.last_modified_by,
        lte1_0.last_modified_date,
        lte1_0.max_days_per_year,
        lte1_0.requires_approval 
    from
        t_leave_type lte1_0 
    where
        lte1_0.id=?
Hibernate: 
    select
        sae1_0.id,
        sae1_0.ano,
        sae1_0.created_by,
        sae1_0.created_date,
        sae1_0.dias_direito,
        sae1_0.dias_gozados,
        sae1_0.dias_pendentes,
        sae1_0.funcionario_id,
        sae1_0.last_modified_by,
        sae1_0.last_modified_date,
        sae1_0.tipo_ausencia_id 
    from
        t_leave_balance sae1_0 
    where
        sae1_0.funcionario_id=?
Hibernate: 
    select
        lte1_0.id,
        lte1_0.category_option_id,
        lte1_0.code,
        lte1_0.created_by,
        lte1_0.created_date,
        lte1_0.deducts_balance,
        lte1_0.description,
        lte1_0.is_active,
        lte1_0.last_modified_by,
        lte1_0.last_modified_date,
        lte1_0.max_days_per_year,
        lte1_0.requires_approval 
    from
        t_leave_type lte1_0 
    where
        lte1_0.id=?
Hibernate: 
    select
        de1_0.id,
        de1_0.content_type,
        de1_0.created_by,
        de1_0.created_date,
        de1_0.description,
        de1_0.document_type_id,
        de1_0.file_key,
        de1_0.file_size,
        de1_0.is_active,
        de1_0.last_modified_by,
        de1_0.last_modified_date,
        de1_0.original_filename,
        de1_0.reference_entity,
        de1_0.reference_id 
    from
        t_document de1_0 
    where
        de1_0.reference_entity=? 
        and de1_0.reference_id=? 
        and de1_0.is_active=?
Hibernate: 
    select
        dte1_0.id,
        dte1_0.allowed_extensions,
        dte1_0.category_option_id,
        dte1_0.codigo,
        dte1_0.created_by,
        dte1_0.created_date,
        dte1_0.descricao,
        dte1_0.is_active,
        dte1_0.last_modified_by,
        dte1_0.last_modified_date 
    from
        t_tipo_documento dte1_0 
    where
        dte1_0.id=?
Hibernate: 
    select
        dte1_0.id,
        dte1_0.allowed_extensions,
        dte1_0.category_option_id,
        dte1_0.codigo,
        dte1_0.created_by,
        dte1_0.created_date,
        dte1_0.descricao,
        dte1_0.is_active,
        dte1_0.last_modified_by,
        dte1_0.last_modified_date 
    from
        t_tipo_documento dte1_0 
    where
        dte1_0.id=?
Hibernate: 
    select
        fe1_0.id,
        fe1_0.bi_numero,
        fe1_0.bi_validade,
        fe1_0.created_by,
        fe1_0.created_date,
        fe1_0.data_admissao,
        fe1_0.data_nascimento,
        fe1_0.data_saida,
        fe1_0.email,
        fe1_0.estado_civil,
        fe1_0.foto_url,
        fe1_0.genero,
        fe1_0.is_active,
        fe1_0.last_modified_by,
        fe1_0.last_modified_date,
        fe1_0.morada,
        fe1_0.nacionalidade,
        fe1_0.nif,
        fe1_0.nome_completo,
        fe1_0.numero_funcionario,
        fe1_0.situacao_profissional,
        fe1_0.telefone 
    from
        t_funcionario fe1_0 
    where
        fe1_0.id=?
Hibernate: 
    select
        rve1_0.id,
        rve1_0.created_by,
        rve1_0.created_date,
        rve1_0.document_id,
        rve1_0.funcionario_id,
        rve1_0.gross_salary,
        rve1_0.issue_date,
        rve1_0.last_modified_by,
        rve1_0.last_modified_date,
        rve1_0.net_salary,
        rve1_0.period_month,
        rve1_0.period_year 
    from
        t_payroll_slip rve1_0 
    where
        rve1_0.funcionario_id=?
Hibernate: 
    select
        fe1_0.id,
        fe1_0.bi_numero,
        fe1_0.bi_validade,
        fe1_0.created_by,
        fe1_0.created_date,
        fe1_0.data_admissao,
        fe1_0.data_nascimento,
        fe1_0.data_saida,
        fe1_0.email,
        fe1_0.estado_civil,
        fe1_0.foto_url,
        fe1_0.genero,
        fe1_0.is_active,
        fe1_0.last_modified_by,
        fe1_0.last_modified_date,
        fe1_0.morada,
        fe1_0.nacionalidade,
        fe1_0.nif,
        fe1_0.nome_completo,
        fe1_0.numero_funcionario,
        fe1_0.situacao_profissional,
        fe1_0.telefone 
    from
        t_funcionario fe1_0
Hibernate: 
    select
        fe1_0.id,
        fe1_0.bi_numero,
        fe1_0.bi_validade,
        fe1_0.created_by,
        fe1_0.created_date,
        fe1_0.data_admissao,
        fe1_0.data_nascimento,
        fe1_0.data_saida,
        fe1_0.email,
        fe1_0.estado_civil,
        fe1_0.foto_url,
        fe1_0.genero,
        fe1_0.is_active,
        fe1_0.last_modified_by,
        fe1_0.last_modified_date,
        fe1_0.morada,
        fe1_0.nacionalidade,
        fe1_0.nif,
        fe1_0.nome_completo,
        fe1_0.numero_funcionario,
        fe1_0.situacao_profissional,
        fe1_0.telefone 
    from
        t_funcionario fe1_0 
    where
        fe1_0.id=?
Hibernate: 
    select
        pae1_0.id,
        pae1_0.aprovado_por,
        pae1_0.created_by,
        pae1_0.created_date,
        pae1_0.data_decisao,
        pae1_0.data_fim,
        pae1_0.data_inicio,
        pae1_0.estado,
        pae1_0.funcionario_id,
        pae1_0.is_active,
        pae1_0.last_modified_by,
        pae1_0.last_modified_date,
        pae1_0.motivo,
        pae1_0.numero_dias,
        pae1_0.observacoes_decisao,
        pae1_0.tipo_ausencia_id 
    from
        t_leave_request pae1_0 
    where
        pae1_0.funcionario_id=?
Hibernate: 
    select
        lte1_0.id,
        lte1_0.category_option_id,
        lte1_0.code,
        lte1_0.created_by,
        lte1_0.created_date,
        lte1_0.deducts_balance,
        lte1_0.description,
        lte1_0.is_active,
        lte1_0.last_modified_by,
        lte1_0.last_modified_date,
        lte1_0.max_days_per_year,
        lte1_0.requires_approval 
    from
        t_leave_type lte1_0 
    where
        lte1_0.id=?
Hibernate: 
    select
        lte1_0.id,
        lte1_0.category_option_id,
        lte1_0.code,
        lte1_0.created_by,
        lte1_0.created_date,
        lte1_0.deducts_balance,
        lte1_0.description,
        lte1_0.is_active,
        lte1_0.last_modified_by,
        lte1_0.last_modified_date,
        lte1_0.max_days_per_year,
        lte1_0.requires_approval 
    from
        t_leave_type lte1_0 
    where
        lte1_0.id=?
Hibernate: 
    select
        lte1_0.id,
        lte1_0.category_option_id,
        lte1_0.code,
        lte1_0.created_by,
        lte1_0.created_date,
        lte1_0.deducts_balance,
        lte1_0.description,
        lte1_0.is_active,
        lte1_0.last_modified_by,
        lte1_0.last_modified_date,
        lte1_0.max_days_per_year,
        lte1_0.requires_approval 
    from
        t_leave_type lte1_0 
    where
        lte1_0.id=?
Hibernate: 
    select
        lte1_0.id,
        lte1_0.category_option_id,
        lte1_0.code,
        lte1_0.created_by,
        lte1_0.created_date,
        lte1_0.deducts_balance,
        lte1_0.description,
        lte1_0.is_active,
        lte1_0.last_modified_by,
        lte1_0.last_modified_date,
        lte1_0.max_days_per_year,
        lte1_0.requires_approval 
    from
        t_leave_type lte1_0 
    where
        lte1_0.id=?
Hibernate: 
    select
        lte1_0.id,
        lte1_0.category_option_id,
        lte1_0.code,
        lte1_0.created_by,
        lte1_0.created_date,
        lte1_0.deducts_balance,
        lte1_0.description,
        lte1_0.is_active,
        lte1_0.last_modified_by,
        lte1_0.last_modified_date,
        lte1_0.max_days_per_year,
        lte1_0.requires_approval 
    from
        t_leave_type lte1_0 
    where
        lte1_0.id=?
Hibernate: 
    select
        lte1_0.id,
        lte1_0.category_option_id,
        lte1_0.code,
        lte1_0.created_by,
        lte1_0.created_date,
        lte1_0.deducts_balance,
        lte1_0.description,
        lte1_0.is_active,
        lte1_0.last_modified_by,
        lte1_0.last_modified_date,
        lte1_0.max_days_per_year,
        lte1_0.requires_approval 
    from
        t_leave_type lte1_0 
    where
        lte1_0.id=?
Hibernate: 
    select
        lte1_0.id,
        lte1_0.category_option_id,
        lte1_0.code,
        lte1_0.created_by,
        lte1_0.created_date,
        lte1_0.deducts_balance,
        lte1_0.description,
        lte1_0.is_active,
        lte1_0.last_modified_by,
        lte1_0.last_modified_date,
        lte1_0.max_days_per_year,
        lte1_0.requires_approval 
    from
        t_leave_type lte1_0 
    where
        lte1_0.id=?
Hibernate: 
    select
        fe1_0.id,
        fe1_0.bi_numero,
        fe1_0.bi_validade,
        fe1_0.created_by,
        fe1_0.created_date,
        fe1_0.data_admissao,
        fe1_0.data_nascimento,
        fe1_0.data_saida,
        fe1_0.email,
        fe1_0.estado_civil,
        fe1_0.foto_url,
        fe1_0.genero,
        fe1_0.is_active,
        fe1_0.last_modified_by,
        fe1_0.last_modified_date,
        fe1_0.morada,
        fe1_0.nacionalidade,
        fe1_0.nif,
        fe1_0.nome_completo,
        fe1_0.numero_funcionario,
        fe1_0.situacao_profissional,
        fe1_0.telefone 
    from
        t_funcionario fe1_0
Hibernate: 
    select
        fe1_0.id,
        fe1_0.bi_numero,
        fe1_0.bi_validade,
        fe1_0.created_by,
        fe1_0.created_date,
        fe1_0.data_admissao,
        fe1_0.data_nascimento,
        fe1_0.data_saida,
        fe1_0.email,
        fe1_0.estado_civil,
        fe1_0.foto_url,
        fe1_0.genero,
        fe1_0.is_active,
        fe1_0.last_modified_by,
        fe1_0.last_modified_date,
        fe1_0.morada,
        fe1_0.nacionalidade,
        fe1_0.nif,
        fe1_0.nome_completo,
        fe1_0.numero_funcionario,
        fe1_0.situacao_profissional,
        fe1_0.telefone 
    from
        t_funcionario fe1_0 
    where
        fe1_0.id=?
Hibernate: 
    select
        lme1_0.id,
        lme1_0.created_by,
        lme1_0.created_date,
        lme1_0.data_fim,
        lme1_0.data_inicio,
        lme1_0.despacho_numero,
        lme1_0.destination_unit_id,
        lme1_0.document_id,
        lme1_0.entidade_destino,
        lme1_0.funcionario_id,
        lme1_0.is_active,
        lme1_0.justification,
        lme1_0.last_modified_by,
        lme1_0.last_modified_date,
        lme1_0.observacoes,
        lme1_0.rejection_reason,
        lme1_0.status,
        lme1_0.subtipo_id 
    from
        t_leave_mobility lme1_0 
    where
        lme1_0.funcionario_id=?
Hibernate: 
    select
        lmse1_0.id,
        lmse1_0.affects_pay,
        lmse1_0.can_self_submit,
        lmse1_0.code,
        lmse1_0.counts_for_seniority,
        lmse1_0.created_by,
        lmse1_0.created_date,
        lmse1_0.description,
        lmse1_0.is_active,
        lmse1_0.last_modified_by,
        lmse1_0.last_modified_date,
        lmse1_0.record_type 
    from
        t_leave_mobility_subtype lmse1_0 
    where
        lmse1_0.id=?
Hibernate: 
    select
        lmse1_0.id,
        lmse1_0.affects_pay,
        lmse1_0.can_self_submit,
        lmse1_0.code,
        lmse1_0.counts_for_seniority,
        lmse1_0.created_by,
        lmse1_0.created_date,
        lmse1_0.description,
        lmse1_0.is_active,
        lmse1_0.last_modified_by,
        lmse1_0.last_modified_date,
        lmse1_0.record_type 
    from
        t_leave_mobility_subtype lmse1_0 
    where
        lmse1_0.id=?
Hibernate: 
    select
        lmse1_0.id,
        lmse1_0.affects_pay,
        lmse1_0.can_self_submit,
        lmse1_0.code,
        lmse1_0.counts_for_seniority,
        lmse1_0.created_by,
        lmse1_0.created_date,
        lmse1_0.description,
        lmse1_0.is_active,
        lmse1_0.last_modified_by,
        lmse1_0.last_modified_date,
        lmse1_0.record_type 
    from
        t_leave_mobility_subtype lmse1_0 
    where
        lmse1_0.id=?
Hibernate: 
    select
        lmse1_0.id,
        lmse1_0.affects_pay,
        lmse1_0.can_self_submit,
        lmse1_0.code,
        lmse1_0.counts_for_seniority,
        lmse1_0.created_by,
        lmse1_0.created_date,
        lmse1_0.description,
        lmse1_0.is_active,
        lmse1_0.last_modified_by,
        lmse1_0.last_modified_date,
        lmse1_0.record_type 
    from
        t_leave_mobility_subtype lmse1_0 
    where
        lmse1_0.id=?
Hibernate: 
    select
        lmse1_0.id,
        lmse1_0.affects_pay,
        lmse1_0.can_self_submit,
        lmse1_0.code,
        lmse1_0.counts_for_seniority,
        lmse1_0.created_by,
        lmse1_0.created_date,
        lmse1_0.description,
        lmse1_0.is_active,
        lmse1_0.last_modified_by,
        lmse1_0.last_modified_date,
        lmse1_0.record_type 
    from
        t_leave_mobility_subtype lmse1_0 
    where
        lmse1_0.id=?
Hibernate: 
    select
        lmse1_0.id,
        lmse1_0.affects_pay,
        lmse1_0.can_self_submit,
        lmse1_0.code,
        lmse1_0.counts_for_seniority,
        lmse1_0.created_by,
        lmse1_0.created_date,
        lmse1_0.description,
        lmse1_0.is_active,
        lmse1_0.last_modified_by,
        lmse1_0.last_modified_date,
        lmse1_0.record_type 
    from
        t_leave_mobility_subtype lmse1_0 
    where
        lmse1_0.id=?
Hibernate: 
    select
        fe1_0.id,
        fe1_0.bi_numero,
        fe1_0.bi_validade,
        fe1_0.created_by,
        fe1_0.created_date,
        fe1_0.data_admissao,
        fe1_0.data_nascimento,
        fe1_0.data_saida,
        fe1_0.email,
        fe1_0.estado_civil,
        fe1_0.foto_url,
        fe1_0.genero,
        fe1_0.is_active,
        fe1_0.last_modified_by,
        fe1_0.last_modified_date,
        fe1_0.morada,
        fe1_0.nacionalidade,
        fe1_0.nif,
        fe1_0.nome_completo,
        fe1_0.numero_funcionario,
        fe1_0.situacao_profissional,
        fe1_0.telefone 
    from
        t_funcionario fe1_0
Hibernate: 
    select
        fe1_0.id,
        fe1_0.bi_numero,
        fe1_0.bi_validade,
        fe1_0.created_by,
        fe1_0.created_date,
        fe1_0.data_admissao,
        fe1_0.data_nascimento,
        fe1_0.data_saida,
        fe1_0.email,
        fe1_0.estado_civil,
        fe1_0.foto_url,
        fe1_0.genero,
        fe1_0.is_active,
        fe1_0.last_modified_by,
        fe1_0.last_modified_date,
        fe1_0.morada,
        fe1_0.nacionalidade,
        fe1_0.nif,
        fe1_0.nome_completo,
        fe1_0.numero_funcionario,
        fe1_0.situacao_profissional,
        fe1_0.telefone 
    from
        t_funcionario fe1_0 
    where
        fe1_0.id=?
Hibernate: 
    select
        rve1_0.id,
        rve1_0.created_by,
        rve1_0.created_date,
        rve1_0.document_id,
        rve1_0.funcionario_id,
        rve1_0.gross_salary,
        rve1_0.issue_date,
        rve1_0.last_modified_by,
        rve1_0.last_modified_date,
        rve1_0.net_salary,
        rve1_0.period_month,
        rve1_0.period_year 
    from
        t_payroll_slip rve1_0 
    where
        rve1_0.funcionario_id=?
Hibernate: 
    select
        fe1_0.id,
        fe1_0.bi_numero,
        fe1_0.bi_validade,
        fe1_0.created_by,
        fe1_0.created_date,
        fe1_0.data_admissao,
        fe1_0.data_nascimento,
        fe1_0.data_saida,
        fe1_0.email,
        fe1_0.estado_civil,
        fe1_0.foto_url,
        fe1_0.genero,
        fe1_0.is_active,
        fe1_0.last_modified_by,
        fe1_0.last_modified_date,
        fe1_0.morada,
        fe1_0.nacionalidade,
        fe1_0.nif,
        fe1_0.nome_completo,
        fe1_0.numero_funcionario,
        fe1_0.situacao_profissional,
        fe1_0.telefone 
    from
        t_funcionario fe1_0
Hibernate: 
    select
        fe1_0.id,
        fe1_0.bi_numero,
        fe1_0.bi_validade,
        fe1_0.created_by,
        fe1_0.created_date,
        fe1_0.data_admissao,
        fe1_0.data_nascimento,
        fe1_0.data_saida,
        fe1_0.email,
        fe1_0.estado_civil,
        fe1_0.foto_url,
        fe1_0.genero,
        fe1_0.is_active,
        fe1_0.last_modified_by,
        fe1_0.last_modified_date,
        fe1_0.morada,
        fe1_0.nacionalidade,
        fe1_0.nif,
        fe1_0.nome_completo,
        fe1_0.numero_funcionario,
        fe1_0.situacao_profissional,
        fe1_0.telefone 
    from
        t_funcionario fe1_0 
    where
        fe1_0.id=?
Hibernate: 
    select
        de1_0.id,
        de1_0.content_type,
        de1_0.created_by,
        de1_0.created_date,
        de1_0.description,
        de1_0.document_type_id,
        de1_0.file_key,
        de1_0.file_size,
        de1_0.is_active,
        de1_0.last_modified_by,
        de1_0.last_modified_date,
        de1_0.original_filename,
        de1_0.reference_entity,
        de1_0.reference_id 
    from
        t_document de1_0 
    where
        de1_0.reference_entity=? 
        and de1_0.reference_id=? 
        and de1_0.is_active=?
Hibernate: 
    select
        dte1_0.id,
        dte1_0.allowed_extensions,
        dte1_0.category_option_id,
        dte1_0.codigo,
        dte1_0.created_by,
        dte1_0.created_date,
        dte1_0.descricao,
        dte1_0.is_active,
        dte1_0.last_modified_by,
        dte1_0.last_modified_date 
    from
        t_tipo_documento dte1_0 
    where
        dte1_0.id=?
Hibernate: 
    select
        dte1_0.id,
        dte1_0.allowed_extensions,
        dte1_0.category_option_id,
        dte1_0.codigo,
        dte1_0.created_by,
        dte1_0.created_date,
        dte1_0.descricao,
        dte1_0.is_active,
        dte1_0.last_modified_by,
        dte1_0.last_modified_date 
    from
        t_tipo_documento dte1_0 
    where
        dte1_0.id=?
